ToraluxOpen.IdentityServerAdmin.Admin.Api/Configuration/Test/StartupTest.cs
ToraluxOpen.IdentityServerAdmin.Admin.Api/Program.cs
ToraluxOpen.IdentityServerAdmin.Admin.Api/Startup.cs
ToraluxOpen.IdentityServerAdmin.Admin.Api/ToraluxOpen.IdentityServerAdmin.Admin.Api.csproj
ToraluxOpen.IdentityServerAdmin.Admin.Api/TypescriptClient/package-lock.json
ToraluxOpen.IdentityServerAdmin.Admin.Api/TypescriptClient/package.json
ToraluxOpen.IdentityServerAdmin.Admin.Api/TypescriptClient/src/client.ts
ToraluxOpen.IdentityServerAdmin.Admin.Api/identityserverdata.json
ToraluxOpen.IdentityServerAdmin.Admin.EntityFramework.PostgreSQL/Helpers/MigrationAssembly.cs
ToraluxOpen.IdentityServerAdmin.Admin.EntityFramework.PostgreSQL/Migrations/AdminConfiguration/20251216091509_AdminConfigurationUpdate.Designer.cs
ToraluxOpen.IdentityServerAdmin.Admin.EntityFramework.PostgreSQL/Migrations/AdminConfiguration/20251216091509_AdminConfigurationUpdate.cs
ToraluxOpen.IdentityServerAdmin.Admin.EntityFramework.PostgreSQL/Migrations/AdminConfiguration/20260131083709_UpdateConfigurationRuleTimestamps.Designer.cs
ToraluxOpen.IdentityServerAdmin.Admin.EntityFramework.PostgreSQL/Migrations/AdminConfiguration/20260131083709_UpdateConfigurationRuleTimestamps.cs
ToraluxOpen.IdentityServerAdmin.Admin.EntityFramework.PostgreSQL/Migrations/AdminConfiguration/20260918105623_AddNamingScopeAndFapiRules.Designer.cs
ToraluxOpen.IdentityServerAdmin.Admin.EntityFramework.PostgreSQL/Migrations/AdminConfiguration/20260918105623_AddNamingScopeAndFapiRules.cs
ToraluxOpen.IdentityServerAdmin.Admin.EntityFramework.PostgreSQL/Migrations/AdminConfiguration/AdminConfigurationDbContextModelSnapshot.cs
ToraluxOpen.IdentityServerAdmin.Admin.EntityFramework.PostgreSQL/Migrations/AuditLogging/20191120100220_DbInit.Designer.cs
ToraluxOpen.IdentityServerAdmin.Admin.EntityFramework.PostgreSQL/Migrations/AuditLogging/20191120100220_DbInit.cs
ToraluxOpen.IdentityServerAdmin.Admin.EntityFramework.PostgreSQL/Migrations/AuditLogging/20200419130247_ChangeAuditLogToLong.Designer.cs
ToraluxOpen.IdentityServerAdmin.Admin.EntityFramework.PostgreSQL/Migrations/AuditLogging/20200419130247_ChangeAuditLogToLong.cs
ToraluxOpen.IdentityServerAdmin.Admin.EntityFramework.PostgreSQL/Migrations/AuditLogging/AdminAuditLogDbContextModelSnapshot.cs
ToraluxOpen.IdentityServerAdmin.Admin.EntityFramework.PostgreSQL/Migrations/DataProtection/20200419131536_AddDataProtection.Designer.cs
ToraluxOpen.IdentityServerAdmin.Admin.EntityFramework.PostgreSQL/Migrations/DataProtection/20200419131536_AddDataProtection.cs
ToraluxOpen.IdentityServerAdmin.Admin.EntityFramework.PostgreSQL/Migrations/DataProtection/IdentityServerDataProtectionDbContextModelSnapshot.cs
ToraluxOpen.IdentityServerAdmin.Admin.EntityFramework.PostgreSQL/Migrations/Identity/20191120100035_DbInit.Designer.cs
ToraluxOpen.IdentityServerAdmin.Admin.EntityFramework.PostgreSQL/Migrations/Identity/20191120100035_DbInit.cs
ToraluxOpen.IdentityServerAdmin.Admin.EntityFramework.PostgreSQL/Migrations/Identity/20260716094204_IdentitySchemaUpdate.Designer.cs
ToraluxOpen.IdentityServerAdmin.Admin.EntityFramework.PostgreSQL/Migrations/Identity/20260716094204_IdentitySchemaUpdate.cs
ToraluxOpen.IdentityServerAdmin.Admin.EntityFramework.PostgreSQL/Migrations/Identity/AdminIdentityDbContextModelSnapshot.cs
ToraluxOpen.IdentityServerAdmin.Admin.EntityFramework.PostgreSQL/Migrations/IdentityServerConfiguration/20191120100129_DbInit.Designer.cs
ToraluxOpen.IdentityServerAdmin.Admin.EntityFramework.PostgreSQL/Migrations/IdentityServerConfiguration/20191120100129_DbInit.cs
ToraluxOpen.IdentityServerAdmin.Admin.EntityFramework.PostgreSQL/Migrations/IdentityServerConfiguration/20201108170812_UpdateIdentityServerToVersion4.Designer.cs
ToraluxOpen.IdentityServerAdmin.Admin.EntityFramework.PostgreSQL/Migrations/IdentityServerConfiguration/20201108170812_UpdateIdentityServerToVersion4.cs
ToraluxOpen.IdentityServerAdmin.Admin.EntityFramework.PostgreSQL/Migrations/IdentityServerConfiguration/20210310153645_AddRequireResourceIndicator.Designer.cs
ToraluxOpen.IdentityServerAdmin.Admin.EntityFramework.PostgreSQL/Migrations/IdentityServerConfiguration/20210310153645_AddRequireResourceIndicator.cs
ToraluxOpen.IdentityServerAdmin.Admin.EntityFramework.PostgreSQL/Migrations/IdentityServerConfiguration/20211211153855_UpdateISKeysIDP.Designer.cs
ToraluxOpen.IdentityServerAdmin.Admin.EntityFramework.PostgreSQL/Migrations/IdentityServerConfiguration/20211211153855_UpdateISKeysIDP.cs
ToraluxOpen.IdentityServerAdmin.Admin.EntityFramework.PostgreSQL/Migrations/IdentityServerConfiguration/20220125145446_UpdateToIS6.Designer.cs
ToraluxOpen.IdentityServerAdmin.Admin.EntityFramework.PostgreSQL/Migrations/IdentityServerConfiguration/20220125145446_UpdateToIS6.cs
ToraluxOpen.IdentityServerAdmin.Admin.EntityFramework.PostgreSQL/Migrations/IdentityServerConfiguration/20230119113211_UpdateToIS61.Designer.cs
ToraluxOpen.IdentityServerAdmin.Admin.EntityFramework.PostgreSQL/Migrations/IdentityServerConfiguration/20230119113211_UpdateToIS61.cs
ToraluxOpen.IdentityServerAdmin.Admin.EntityFramework.PostgreSQL/Migrations/IdentityServerConfiguration/20240206155420_IdentityServerV7.Designer.cs
ToraluxOpen.IdentityServerAdmin.Admin.EntityFramework.PostgreSQL/Migrations/IdentityServerConfiguration/20240206155420_IdentityServerV7.cs
ToraluxOpen.IdentityServerAdmin.Admin.EntityFramework.PostgreSQL/Migrations/IdentityServerConfiguration/IdentityServerConfigurationDbContextModelSnapshot.cs
ToraluxOpen.IdentityServerAdmin.Admin.EntityFramework.PostgreSQL/Migrations/IdentityServerGrants/20191120100155_DbInit.Designer.cs
ToraluxOpen.IdentityServerAdmin.Admin.EntityFramework.PostgreSQL/Migrations/IdentityServerGrants/20191120100155_DbInit.cs
ToraluxOpen.IdentityServerAdmin.Admin.EntityFramework.PostgreSQL/Migrations/IdentityServerGrants/20201108165927_UpdateIdentityServerToVersion4.Designer.cs
ToraluxOpen.IdentityServerAdmin.Admin.EntityFramework.PostgreSQL/Migrations/IdentityServerGrants/20201108165927_UpdateIdentityServerToVersion4.cs
ToraluxOpen.IdentityServerAdmin.Admin.EntityFramework.PostgreSQL/Migrations/IdentityServerGrants/20211211153835_UpdateISKeysIDP.Designer.cs
ToraluxOpen.IdentityServerAdmin.Admin.EntityFramework.PostgreSQL/Migrations/IdentityServerGrants/20211211153835_UpdateISKeysIDP.cs
ToraluxOpen.IdentityServerAdmin.Admin.EntityFramework.PostgreSQL/Migrations/IdentityServerGrants/20230119113152_UpdateToIS61.Designer.cs
ToraluxOpen.IdentityServerAdmin.Admin.EntityFramework.PostgreSQL/Migrations/IdentityServerGrants/20230119113152_UpdateToIS61.cs
ToraluxOpen.IdentityServerAdmin.Admin.EntityFramework.PostgreSQL/Migrations/IdentityServerGrants/20240206155424_IdentityServerV7.Designer.cs
ToraluxOpen.IdentityServerAdmin.Admin.EntityFramework.PostgreSQL/Migrations/IdentityServerGrants/20240206155424_IdentityServerV7.cs
ToraluxOpen.IdentityServerAdmin.Admin.EntityFramework.PostgreSQL/Migrations/IdentityServerGrants/IdentityServerPersistedGrantDbContextModelSnapshot.cs
ToraluxOpen.IdentityServerAdmin.Admin.EntityFramework.PostgreSQL/Migrations/Logging/20191120100104_DbInit.Designer.cs
ToraluxOpen.IdentityServerAdmin.Admin.EntityFramework.PostgreSQL/Migrations/Logging/20191120100104_DbInit.cs
ToraluxOpen.IdentityServerAdmin.Admin.EntityFramework.PostgreSQL/Migrations/Logging/AdminLogDbContextModelSnapshot.cs
ToraluxOpen.IdentityServerAdmin.Admin.EntityFramework.PostgreSQL/ToraluxOpen.IdentityServerAdmin.Admin.EntityFramework.PostgreSQL.csproj
ToraluxOpen.IdentityServerAdmin.Admin.EntityFramework.Shared/Configuration/Schema/IdentityTableConfiguration.cs
ToraluxOpen.IdentityServerAdmin.Admin.EntityFramework.Shared/DbContexts/AdminAuditLogDbContext.cs
ToraluxOpen.IdentityServerAdmin.Admin.EntityFramework.Shared/DbContexts/AdminIdentityDbContext.cs
ToraluxOpen.IdentityServerAdmin.Admin.EntityFramework.Shared/DbContexts/AdminLogDbContext.cs
ToraluxOpen.IdentityServerAdmin.Admin.EntityFramework.Shared/DbContexts/IdentityServerConfigurationDbContext.cs
ToraluxOpen.IdentityServerAdmin.Admin.EntityFramework.Shared/DbContexts/IdentityServerDataProtectionDbContext.cs
ToraluxOpen.IdentityServerAdmin.Admin.EntityFramework.Shared/DbContexts/IdentityServerPersistedGrantDbContext.cs
ToraluxOpen.IdentityServerAdmin.Admin.EntityFramework.Shared/Entities/Identity/UserIdentity.cs
ToraluxOpen.IdentityServerAdmin.Admin.EntityFramework.Shared/Entities/Identity/UserIdentityClaim.cs
ToraluxOpen.IdentityServerAdmin.Admin.EntityFramework.Shared/Entities/Identity/UserIdentityPasskey.cs
ToraluxOpen.IdentityServerAdmin.Admin.EntityFramework.Shared/Entities/Identity/UserIdentityRole.cs
ToraluxOpen.IdentityServerAdmin.Admin.EntityFramework.Shared/Entities/Identity/UserIdentityRoleClaim.cs
ToraluxOpen.IdentityServerAdmin.Admin.EntityFramework.Shared/Entities/Identity/UserIdentityUserLogin.cs
ToraluxOpen.IdentityServerAdmin.Admin.EntityFramework.Shared/Entities/Identity/UserIdentityUserRole.cs
ToraluxOpen.IdentityServerAdmin.Admin.EntityFramework.Shared/Entities/Identity/UserIdentityUserToken.cs
ToraluxOpen.IdentityServerAdmin.Admin.EntityFramework.Shared/Extensions/ConfigurationSchemaServicesExtensions.cs
ToraluxOpen.IdentityServerAdmin.Admin.EntityFramework.Shared/Helpers/DbMigrationHelpers.cs
ToraluxOpen.IdentityServerAdmin.Admin.EntityFramework.Shared/ToraluxOpen.IdentityServerAdmin.Admin.EntityFramework.Shared.csproj
ToraluxOpen.IdentityServerAdmin.Admin.EntityFramework.SqlServer/Helpers/MigrationAssembly.cs
ToraluxOpen.IdentityServerAdmin.Admin.EntityFramework.SqlServer/Migrations/AdminConfiguration/20251216091501_AdminConfigurationUpdate.Designer.cs
ToraluxOpen.IdentityServerAdmin.Admin.EntityFramework.SqlServer/Migrations/AdminConfiguration/20251216091501_AdminConfigurationUpdate.cs
ToraluxOpen.IdentityServerAdmin.Admin.EntityFramework.SqlServer/Migrations/AdminConfiguration/20260918105310_AddNamingScopeAndFapiRules.Designer.cs
ToraluxOpen.IdentityServerAdmin.Admin.EntityFramework.SqlServer/Migrations/AdminConfiguration/20260918105310_AddNamingScopeAndFapiRules.cs
ToraluxOpen.IdentityServerAdmin.Admin.EntityFramework.SqlServer/Migrations/AdminConfiguration/AdminConfigurationDbContextModelSnapshot.cs
ToraluxOpen.IdentityServerAdmin.Admin.EntityFramework.SqlServer/Migrations/AuditLogging/20191119164022_DbInit.Designer.cs
ToraluxOpen.IdentityServerAdmin.Admin.EntityFramework.SqlServer/Migrations/AuditLogging/20191119164022_DbInit.cs
ToraluxOpen.IdentityServerAdmin.Admin.EntityFramework.SqlServer/Migrations/AuditLogging/20200419130339_ChangeAuditLogToLong.Designer.cs
ToraluxOpen.IdentityServerAdmin.Admin.EntityFramework.SqlServer/Migrations/AuditLogging/20200419130339_ChangeAuditLogToLong.cs
ToraluxOpen.IdentityServerAdmin.Admin.EntityFramework.SqlServer/Migrations/AuditLogging/AdminAuditLogDbContextModelSnapshot.cs
ToraluxOpen.IdentityServerAdmin.Admin.EntityFramework.SqlServer/Migrations/DataProtection/20200221180348_DbInit.Designer.cs
ToraluxOpen.IdentityServerAdmin.Admin.EntityFramework.SqlServer/Migrations/DataProtection/20200221180348_DbInit.cs
ToraluxOpen.IdentityServerAdmin.Admin.EntityFramework.SqlServer/Migrations/DataProtection/IdentityServerDataProtectionDbContextModelSnapshot.cs
ToraluxOpen.IdentityServerAdmin.Admin.EntityFramework.SqlServer/Migrations/Identity/20191119163918_DbInit.Designer.cs
ToraluxOpen.IdentityServerAdmin.Admin.EntityFramework.SqlServer/Migrations/Identity/20191119163918_DbInit.cs
ToraluxOpen.IdentityServerAdmin.Admin.EntityFramework.SqlServer/Migrations/Identity/AdminIdentityDbContextModelSnapshot.cs
ToraluxOpen.IdentityServerAdmin.Admin.EntityFramework.SqlServer/Migrations/IdentityServerConfiguration/20191119163952_DbInit.Designer.cs
ToraluxOpen.IdentityServerAdmin.Admin.EntityFramework.SqlServer/Migrations/IdentityServerConfiguration/20191119163952_DbInit.cs
ToraluxOpen.IdentityServerAdmin.Admin.EntityFramework.SqlServer/Migrations/IdentityServerConfiguration/20201030101938_UpdateIdentityServerToVersion4.Designer.cs
ToraluxOpen.IdentityServerAdmin.Admin.EntityFramework.SqlServer/Migrations/IdentityServerConfiguration/20201030101938_UpdateIdentityServerToVersion4.cs
ToraluxOpen.IdentityServerAdmin.Admin.EntityFramework.SqlServer/Migrations/IdentityServerConfiguration/20210310151745_AddRequireResourceIndicator.Designer.cs
ToraluxOpen.IdentityServerAdmin.Admin.EntityFramework.SqlServer/Migrations/IdentityServerConfiguration/20210310151745_AddRequireResourceIndicator.cs
ToraluxOpen.IdentityServerAdmin.Admin.EntityFramework.SqlServer/Migrations/IdentityServerConfiguration/20211111141154_AddIdentityServerProviders.Designer.cs
ToraluxOpen.IdentityServerAdmin.Admin.EntityFramework.SqlServer/Migrations/IdentityServerConfiguration/20211111141154_AddIdentityServerProviders.cs
ToraluxOpen.IdentityServerAdmin.Admin.EntityFramework.SqlServer/Migrations/IdentityServerConfiguration/20220116154116_UpdateToIS6.Designer.cs
ToraluxOpen.IdentityServerAdmin.Admin.EntityFramework.SqlServer/Migrations/IdentityServerConfiguration/20220116154116_UpdateToIS6.cs
ToraluxOpen.IdentityServerAdmin.Admin.EntityFramework.SqlServer/Migrations/IdentityServerConfiguration/20221115182001_UpdateToIS61.Designer.cs
ToraluxOpen.IdentityServerAdmin.Admin.EntityFramework.SqlServer/Migrations/IdentityServerConfiguration/20221115182001_UpdateToIS61.cs
ToraluxOpen.IdentityServerAdmin.Admin.EntityFramework.SqlServer/Migrations/IdentityServerConfiguration/20240206133328_IdentityServerV7.Designer.cs
ToraluxOpen.IdentityServerAdmin.Admin.EntityFramework.SqlServer/Migrations/IdentityServerConfiguration/20240206133328_IdentityServerV7.cs
ToraluxOpen.IdentityServerAdmin.Admin.EntityFramework.SqlServer/Migrations/IdentityServerConfiguration/IdentityServerConfigurationDbContextModelSnapshot.cs
ToraluxOpen.IdentityServerAdmin.Admin.EntityFramework.SqlServer/Migrations/IdentityServerGrants/20191119164007_DbInit.Designer.cs
ToraluxOpen.IdentityServerAdmin.Admin.EntityFramework.SqlServer/Migrations/IdentityServerGrants/20191119164007_DbInit.cs
ToraluxOpen.IdentityServerAdmin.Admin.EntityFramework.SqlServer/Migrations/IdentityServerGrants/20201030101834_UpdateIdentityServerToVersion4.Designer.cs
ToraluxOpen.IdentityServerAdmin.Admin.EntityFramework.SqlServer/Migrations/IdentityServerGrants/20201030101834_UpdateIdentityServerToVersion4.cs
ToraluxOpen.IdentityServerAdmin.Admin.EntityFramework.SqlServer/Migrations/IdentityServerGrants/20211111131819_AddIdentityServerKeys.Designer.cs
ToraluxOpen.IdentityServerAdmin.Admin.EntityFramework.SqlServer/Migrations/IdentityServerGrants/20211111131819_AddIdentityServerKeys.cs
ToraluxOpen.IdentityServerAdmin.Admin.EntityFramework.SqlServer/Migrations/IdentityServerGrants/20221115181936_UpdateToIS61.Designer.cs
ToraluxOpen.IdentityServerAdmin.Admin.EntityFramework.SqlServer/Migrations/IdentityServerGrants/20221115181936_UpdateToIS61.cs
ToraluxOpen.IdentityServerAdmin.Admin.EntityFramework.SqlServer/Migrations/IdentityServerGrants/20240206133332_IdentityServerV7.Designer.cs
ToraluxOpen.IdentityServerAdmin.Admin.EntityFramework.SqlServer/Migrations/IdentityServerGrants/20240206133332_IdentityServerV7.cs
ToraluxOpen.IdentityServerAdmin.Admin.EntityFramework.SqlServer/Migrations/IdentityServerGrants/IdentityServerPersistedGrantDbContextModelSnapshot.cs
ToraluxOpen.IdentityServerAdmin.Admin.EntityFramework.SqlServer/Migrations/Logging/20191119163936_DbInit.Designer.cs
ToraluxOpen.IdentityServerAdmin.Admin.EntityFramework.SqlServer/Migrations/Logging/20191119163936_DbInit.cs
ToraluxOpen.IdentityServerAdmin.Admin.EntityFramework.SqlServer/Migrations/Logging/AdminLogDbContextModelSnapshot.cs
ToraluxOpen.IdentityServerAdmin.Admin.EntityFramework.SqlServer/ToraluxOpen.IdentityServerAdmin.Admin.EntityFramework.SqlServer.csproj
ToraluxOpen.IdentityServerAdmin.Admin/Properties/launchSettings.json
ToraluxOpen.IdentityServerAdmin.Admin/ToraluxOpen.IdentityServerAdmin.Admin.csproj
ToraluxOpen.IdentityServerAdmin.STS.Identity/Configuration/AccountOptions.cs
ToraluxOpen.IdentityServerAdmin.STS.Identity/Configuration/AdminConfiguration.cs
ToraluxOpen.IdentityServerAdmin.STS.Identity/Configuration/ApplicationParts/GenericControllerRouteConvention.cs
ToraluxOpen.IdentityServerAdmin.STS.Identity/Configuration/ApplicationParts/GenericTypeControllerFeatureProvider.cs
ToraluxOpen.IdentityServerAdmin.STS.Identity/Configuration/ConsentOptions.cs
ToraluxOpen.IdentityServerAdmin.STS.Identity/Configuration/Constants/AddressClaimConstants.cs
ToraluxOpen.IdentityServerAdmin.STS.Identity/Configuration/Constants/AuthorizationConsts.cs
ToraluxOpen.IdentityServerAdmin.STS.Identity/Configuration/Constants/ConfigurationConsts.cs
ToraluxOpen.IdentityServerAdmin.STS.Identity/Configuration/CultureConfiguration.cs
ToraluxOpen.IdentityServerAdmin.STS.Identity/Configuration/ExternalProvidersConfiguration.cs
ToraluxOpen.IdentityServerAdmin.STS.Identity/Configuration/Interfaces/IRootConfiguration.cs
ToraluxOpen.IdentityServerAdmin.STS.Identity/Configuration/RootConfiguration.cs
ToraluxOpen.IdentityServerAdmin.STS.Identity/Configuration/Test/StartupTest.cs
ToraluxOpen.IdentityServerAdmin.STS.Identity/Controllers/DiagnosticsController.cs
ToraluxOpen.IdentityServerAdmin.STS.Identity/Controllers/ManageController.cs
ToraluxOpen.IdentityServerAdmin.STS.Identity/Helpers/ApplicationSignInManager.cs
ToraluxOpen.IdentityServerAdmin.STS.Identity/Helpers/Extensions.cs
ToraluxOpen.IdentityServerAdmin.STS.Identity/Helpers/IdentityProvidersHelpers.cs
ToraluxOpen.IdentityServerAdmin.STS.Identity/Helpers/IdentityServerBuilderExtensions.cs
ToraluxOpen.IdentityServerAdmin.STS.Identity/Helpers/KeyValuePairExtensions.cs
ToraluxOpen.IdentityServerAdmin.STS.Identity/Helpers/Localization/GenericServiceLocalizer.cs
ToraluxOpen.IdentityServerAdmin.STS.Identity/Helpers/Localization/IGenericControllerLocalizer.cs
ToraluxOpen.IdentityServerAdmin.STS.Identity/Helpers/Localization/LoginPolicyResolutionLocalizer.cs
ToraluxOpen.IdentityServerAdmin.STS.Identity/Helpers/Md5HashHelper.cs
ToraluxOpen.IdentityServerAdmin.STS.Identity/Helpers/OpenIDProfile.cs
ToraluxOpen.IdentityServerAdmin.STS.Identity/Helpers/OpenidClaimHelpers.cs
ToraluxOpen.IdentityServerAdmin.STS.Identity/Helpers/SecurityHeadersAttribute.cs
ToraluxOpen.IdentityServerAdmin.STS.Identity/Helpers/StartupHelpers.cs
ToraluxOpen.IdentityServerAdmin.STS.Identity/Helpers/TagHelpers/GravatarTagHelper.cs
ToraluxOpen.IdentityServerAdmin.STS.Identity/Helpers/TagHelpers/SwitchTagHelper.cs
ToraluxOpen.IdentityServerAdmin.STS.Identity/Helpers/UserResolver.cs
ToraluxOpen.IdentityServerAdmin.STS.Identity/Program.cs
ToraluxOpen.IdentityServerAdmin.STS.Identity/ToraluxOpen.IdentityServerAdmin.STS.Identity.csproj
ToraluxOpen.IdentityServerAdmin.STS.Identity/ViewComponents/IdentityServerAdminLinkViewComponent.cs
ToraluxOpen.IdentityServerAdmin.STS.Identity/ViewModels/Account/ExternalLoginConfirmationViewModel.cs
ToraluxOpen.IdentityServerAdmin.STS.Identity/ViewModels/Account/ExternalProvider.cs
ToraluxOpen.IdentityServerAdmin.STS.Identity/ViewModels/Account/ForgotPasswordViewModel.cs
ToraluxOpen.IdentityServerAdmin.STS.Identity/ViewModels/Account/LoggedOutViewModel.cs
ToraluxOpen.IdentityServerAdmin.STS.Identity/ViewModels/Account/LoginInputModel.cs
ToraluxOpen.IdentityServerAdmin.STS.Identity/ViewModels/Account/LoginViewModel.cs
ToraluxOpen.IdentityServerAdmin.STS.Identity/ViewModels/Account/LoginWith2faViewModel.cs
ToraluxOpen.IdentityServerAdmin.STS.Identity/ViewModels/Account/LoginWithRecoveryCodeViewModel.cs
ToraluxOpen.IdentityServerAdmin.STS.Identity/ViewModels/Account/LogoutInputModel.cs
ToraluxOpen.IdentityServerAdmin.STS.Identity/ViewModels/Account/LogoutViewModel.cs
ToraluxOpen.IdentityServerAdmin.STS.Identity/ViewModels/Account/RedirectViewModel.cs
ToraluxOpen.IdentityServerAdmin.STS.Identity/ViewModels/Account/RegisterConfirmationViewModel.cs
ToraluxOpen.IdentityServerAdmin.STS.Identity/ViewModels/Account/RegisterViewModel.cs
ToraluxOpen.IdentityServerAdmin.STS.Identity/ViewModels/Account/RegisterWithoutUsernameViewModel.cs
ToraluxOpen.IdentityServerAdmin.STS.Identity/ViewModels/Account/ResetPasswordViewModel.cs
ToraluxOpen.IdentityServerAdmin.STS.Identity/ViewModels/Consent/ConsentInputModel.cs
ToraluxOpen.IdentityServerAdmin.STS.Identity/ViewModels/Consent/ConsentViewModel.cs
ToraluxOpen.IdentityServerAdmin.STS.Identity/ViewModels/Consent/ProcessConsentResult.cs
ToraluxOpen.IdentityServerAdmin.STS.Identity/ViewModels/Consent/ScopeViewModel.cs
ToraluxOpen.IdentityServerAdmin.STS.Identity/ViewModels/Device/DeviceAuthorizationInputModel.cs
ToraluxOpen.IdentityServerAdmin.STS.Identity/ViewModels/Device/DeviceAuthorizationViewModel.cs
ToraluxOpen.IdentityServerAdmin.STS.Identity/ViewModels/Diagnostics/DiagnosticsViewModel.cs
ToraluxOpen.IdentityServerAdmin.STS.Identity/ViewModels/Grants/GrantsViewModel.cs
ToraluxOpen.IdentityServerAdmin.STS.Identity/ViewModels/Home/ErrorViewModel.cs
ToraluxOpen.IdentityServerAdmin.STS.Identity/ViewModels/Manage/ChangePasswordViewModel.cs
ToraluxOpen.IdentityServerAdmin.STS.Identity/ViewModels/Manage/DeletePersonalDataViewModel.cs
ToraluxOpen.IdentityServerAdmin.STS.Identity/ViewModels/Manage/EnableAuthenticatorViewModel.cs
ToraluxOpen.IdentityServerAdmin.STS.Identity/ViewModels/Manage/ExternalLoginsViewModel.cs
ToraluxOpen.IdentityServerAdmin.STS.Identity/ViewModels/Manage/IndexViewModel.cs
ToraluxOpen.IdentityServerAdmin.STS.Identity/ViewModels/Manage/RemoveLoginViewModel.cs
ToraluxOpen.IdentityServerAdmin.STS.Identity/ViewModels/Manage/SetPasswordViewModel.cs
ToraluxOpen.IdentityServerAdmin.STS.Identity/ViewModels/Manage/ShowRecoveryCodesViewModel.cs
ToraluxOpen.IdentityServerAdmin.STS.Identity/ViewModels/Manage/TwoFactorAuthenticationViewModel.cs
ToraluxOpen.IdentityServerAdmin.STS.Identity/appsettings.json
ToraluxOpen.IdentityServerAdmin.STS.Identity/package.json
ToraluxOpen.IdentityServerAdmin.Shared/Dtos/Identity/IdentityRoleClaimDto.cs
ToraluxOpen.IdentityServerAdmin.Shared/Dtos/Identity/IdentityRoleClaimsDto.cs
ToraluxOpen.IdentityServerAdmin.Shared/Dtos/Identity/IdentityRoleDto.cs
ToraluxOpen.IdentityServerAdmin.Shared/Dtos/Identity/IdentityRolesDto.cs
ToraluxOpen.IdentityServerAdmin.Shared/Dtos/Identity/IdentityUserClaimDto.cs
ToraluxOpen.IdentityServerAdmin.Shared/Dtos/Identity/IdentityUserClaimsDto.cs
ToraluxOpen.IdentityServerAdmin.Shared/Dtos/Identity/IdentityUserDto.cs
ToraluxOpen.IdentityServerAdmin.Shared/Dtos/Identity/IdentityUserProviderDto.cs
ToraluxOpen.IdentityServerAdmin.Shared/Dtos/Identity/IdentityUserProvidersDto.cs
ToraluxOpen.IdentityServerAdmin.Shared/Dtos/Identity/IdentityUserRolesDto.cs
ToraluxOpen.IdentityServerAdmin.Shared/Dtos/Identity/IdentityUsersDto.cs
ToraluxOpen.IdentityServerAdmin.Shared/Dtos/IdentityUserChangePasswordDto.cs
ToraluxOpen.IdentityServerAdmin.Shared/ToraluxOpen.IdentityServerAdmin.Shared.csproj
